Release 12.3 - xst M.70d (nt64)
Copyright (c) 1995-2010 Xilinx, Inc.  All rights reserved.
--> Parameter TMPDIR set to xst/projnav.tmp


Total REAL time to Xst completion: 0.00 secs
Total CPU time to Xst completion: 0.09 secs
 
--> Parameter xsthdpdir set to xst


Total REAL time to Xst completion: 0.00 secs
Total CPU time to Xst completion: 0.09 secs
 
--> Reading design: top.prj

TABLE OF CONTENTS
  1) Synthesis Options Summary
  2) HDL Compilation
  3) Design Hierarchy Analysis
  4) HDL Analysis
  5) HDL Synthesis
     5.1) HDL Synthesis Report
  6) Advanced HDL Synthesis
     6.1) Advanced HDL Synthesis Report
  7) Low Level Synthesis
  8) Partition Report
  9) Final Report
	9.1) Device utilization summary
	9.2) Partition Resource Summary
	9.3) TIMING REPORT


=========================================================================
*                      Synthesis Options Summary                        *
=========================================================================
---- Source Parameters
Input File Name                    : "top.prj"
Input Format                       : mixed
Ignore Synthesis Constraint File   : NO

---- Target Parameters
Output File Name                   : "top"
Output Format                      : NGC
Target Device                      : xc3s500e-5-fg320

---- Source Options
Top Module Name                    : top
Automatic FSM Extraction           : YES
FSM Encoding Algorithm             : Auto
Safe Implementation                : No
FSM Style                          : LUT
RAM Extraction                     : Yes
RAM Style                          : Auto
ROM Extraction                     : Yes
Mux Style                          : Auto
Decoder Extraction                 : YES
Priority Encoder Extraction        : Yes
Shift Register Extraction          : YES
Logical Shifter Extraction         : YES
XOR Collapsing                     : YES
ROM Style                          : Auto
Mux Extraction                     : Yes
Resource Sharing                   : YES
Asynchronous To Synchronous        : NO
Multiplier Style                   : Auto
Automatic Register Balancing       : No

---- Target Options
Add IO Buffers                     : YES
Global Maximum Fanout              : 500
Add Generic Clock Buffer(BUFG)     : 24
Register Duplication               : YES
Slice Packing                      : YES
Optimize Instantiated Primitives   : NO
Use Clock Enable                   : Yes
Use Synchronous Set                : Yes
Use Synchronous Reset              : Yes
Pack IO Registers into IOBs        : Auto
Equivalent register Removal        : YES

---- General Options
Optimization Goal                  : Speed
Optimization Effort                : 1
Keep Hierarchy                     : No
Netlist Hierarchy                  : As_Optimized
RTL Output                         : Yes
Global Optimization                : AllClockNets
Read Cores                         : YES
Write Timing Constraints           : NO
Cross Clock Analysis               : NO
Hierarchy Separator                : /
Bus Delimiter                      : <>
Case Specifier                     : Maintain
Slice Utilization Ratio            : 100
BRAM Utilization Ratio             : 100
Verilog 2001                       : YES
Auto BRAM Packing                  : NO
Slice Utilization Ratio Delta      : 5

---- Other Options
Cores Search Directories           : {"ipcore_dir"  }

=========================================================================


=========================================================================
*                          HDL Compilation                              *
=========================================================================
Compiling verilog file "ipcore_dir/Memory.v" in library work
Compiling verilog file "pipe_FSM.v" in library work
Module <Memory> compiled
Module <pipe_FSM> compiled
Compiling verilog file "State_Reg.v" in library work
Module <PC_ENABLE> compiled
Compiling verilog file "Reg_Out.v" in library work
Module <State_Reg> compiled
Compiling verilog file "REG_DIN_MUX.v" in library work
Module <REG_OUT> compiled
Compiling verilog file "RegMux.v" in library work
Module <REG_DIN_MUX> compiled
Compiling verilog file "regfile.v" in library work
Module <Reg_MUX> compiled
Compiling verilog file "PC_Module.v" in library work
Module <REG_FILE> compiled
Compiling verilog file "PC_Gen.v" in library work
Module <PCModule> compiled
Compiling verilog file "global_FSM.v" in library work
Module <PC_Gen> compiled
Compiling verilog file "ALU_OpB.v" in library work
Module <global_FSM> compiled
Compiling verilog file "ALU_OpA.v" in library work
Module <ALU_OpB> compiled
Module <ALU_OpA> compiled
Compiling verilog file "ALU_CONTROL.v" in library work
Module <ForwardMux> compiled
Compiling verilog file "ALU.v" in library work
Module <ALU_CONTROL> compiled
Module <ALU> compiled
Module <SEXT> compiled
Compiling verilog file "AddrMux.v" in library work
Module <ALU_RESULT_REG> compiled
Compiling verilog file "top.v" in library work
Module <AddrMux> compiled
Module <top> compiled
No errors in compilation
Analysis of file <"top.prj"> succeeded.
 

=========================================================================
*                     Design Hierarchy Analysis                         *
=========================================================================
Analyzing hierarchy for module <top> in library <work>.

Analyzing hierarchy for module <PCModule> in library <work>.

Analyzing hierarchy for module <PC_Gen> in library <work>.

Analyzing hierarchy for module <AddrMux> in library <work>.

Analyzing hierarchy for module <State_Reg> in library <work>.

Analyzing hierarchy for module <Reg_MUX> in library <work>.

Analyzing hierarchy for module <REG_DIN_MUX> in library <work>.

Analyzing hierarchy for module <REG_FILE> in library <work>.

Analyzing hierarchy for module <REG_OUT> in library <work>.

Analyzing hierarchy for module <SEXT> in library <work>.

Analyzing hierarchy for module <ForwardMux> in library <work>.

Analyzing hierarchy for module <ALU_OpA> in library <work>.

Analyzing hierarchy for module <ALU_OpB> in library <work>.

Analyzing hierarchy for module <ALU_CONTROL> in library <work>.

Analyzing hierarchy for module <ALU> in library <work> with parameters.
	A_ADD = "0010"
	A_AND = "0000"
	A_NOP = "1111"
	A_NOR = "1100"
	A_OR = "0001"
	A_SETIFLESS = "0111"
	A_SUB = "0110"
	A_XOR = "0011"

Analyzing hierarchy for module <ALU_RESULT_REG> in library <work>.

Analyzing hierarchy for module <global_FSM> in library <work> with parameters.
	S0 = "00000000000000000000000000000000"
	S1 = "00000000000000000000000000000001"
	S10 = "00000000000000000000000000001010"
	S11 = "00000000000000000000000000001011"
	S11plus = "00000000000000000000000000001101"
	S12 = "00000000000000000000000000010000"
	S12plus = "00000000000000000000000000010010"
	S2 = "00000000000000000000000000000010"
	S3 = "00000000000000000000000000000011"
	S4 = "00000000000000000000000000000100"
	S5 = "00000000000000000000000000000101"
	S5plus = "00000000000000000000000000001110"
	S6 = "00000000000000000000000000000110"
	S7 = "00000000000000000000000000000111"
	S8 = "00000000000000000000000000001000"
	S8plus = "00000000000000000000000000001100"
	S9 = "00000000000000000000000000001001"
	SIDLE = "00000000000000000000000000001111"
	SWAIT = "00000000000000000000000000010001"

Analyzing hierarchy for module <PC_ENABLE> in library <work>.

Analyzing hierarchy for module <pipe_FSM> in library <work> with parameters.
	S0 = "00000000000000000000000000000000"
	S1 = "00000000000000000000000000000001"
	S10 = "00000000000000000000000000001010"
	S11 = "00000000000000000000000000001011"
	S11plus = "00000000000000000000000000001101"
	S12 = "00000000000000000000000000010000"
	S12plus = "00000000000000000000000000010010"
	S2 = "00000000000000000000000000000010"
	S3 = "00000000000000000000000000000011"
	S4 = "00000000000000000000000000000100"
	S5 = "00000000000000000000000000000101"
	S5plus = "00000000000000000000000000001110"
	S6 = "00000000000000000000000000000110"
	S7 = "00000000000000000000000000000111"
	S8 = "00000000000000000000000000001000"
	S8plus = "00000000000000000000000000001100"
	S9 = "00000000000000000000000000001001"
	SIDLE = "00000000000000000000000000001111"
	SWAIT = "00000000000000000000000000010001"


=========================================================================
*                            HDL Analysis                               *
=========================================================================
Analyzing top module <top>.
Module <top> is correct for synthesis.
 
Analyzing module <PCModule> in library <work>.
Module <PCModule> is correct for synthesis.
 
Analyzing module <PC_Gen> in library <work>.
Module <PC_Gen> is correct for synthesis.
 
Analyzing module <AddrMux> in library <work>.
Module <AddrMux> is correct for synthesis.
 
Analyzing module <State_Reg> in library <work>.
Module <State_Reg> is correct for synthesis.
 
Analyzing module <Reg_MUX> in library <work>.
Module <Reg_MUX> is correct for synthesis.
 
Analyzing module <REG_DIN_MUX> in library <work>.
Module <REG_DIN_MUX> is correct for synthesis.
 
Analyzing module <REG_FILE> in library <work>.
WARNING:Xst:905 - "regfile.v" line 17: One or more signals are missing in the sensitivity list of always block. To enable synthesis of FPGA/CPLD hardware, XST will assume that all necessary signals are present in the sensitivity list. Please note that the result of the synthesis may differ from the initial design specification. The missing signals are:
   <R>, <r1_addr>
WARNING:Xst:905 - "regfile.v" line 22: One or more signals are missing in the sensitivity list of always block. To enable synthesis of FPGA/CPLD hardware, XST will assume that all necessary signals are present in the sensitivity list. Please note that the result of the synthesis may differ from the initial design specification. The missing signals are:
   <R>, <r2_addr>
Module <REG_FILE> is correct for synthesis.
 
Analyzing module <REG_OUT> in library <work>.
Module <REG_OUT> is correct for synthesis.
 
Analyzing module <SEXT> in library <work>.
Module <SEXT> is correct for synthesis.
 
Analyzing module <ForwardMux> in library <work>.
Module <ForwardMux> is correct for synthesis.
 
Analyzing module <ALU_OpA> in library <work>.
Module <ALU_OpA> is correct for synthesis.
 
Analyzing module <ALU_OpB> in library <work>.
Module <ALU_OpB> is correct for synthesis.
 
Analyzing module <ALU_CONTROL> in library <work>.
Module <ALU_CONTROL> is correct for synthesis.
 
Analyzing module <ALU> in library <work>.
	A_ADD = 4'b0010
	A_AND = 4'b0000
	A_NOP = 4'b1111
	A_NOR = 4'b1100
	A_OR = 4'b0001
	A_SETIFLESS = 4'b0111
	A_SUB = 4'b0110
	A_XOR = 4'b0011
Module <ALU> is correct for synthesis.
 
Analyzing module <ALU_RESULT_REG> in library <work>.
Module <ALU_RESULT_REG> is correct for synthesis.
 
Analyzing module <global_FSM> in library <work>.
	S0 = 32'sb00000000000000000000000000000000
	S1 = 32'sb00000000000000000000000000000001
	S10 = 32'sb00000000000000000000000000001010
	S11 = 32'sb00000000000000000000000000001011
	S11plus = 32'sb00000000000000000000000000001101
	S12 = 32'sb00000000000000000000000000010000
	S12plus = 32'sb00000000000000000000000000010010
	S2 = 32'sb00000000000000000000000000000010
	S3 = 32'sb00000000000000000000000000000011
	S4 = 32'sb00000000000000000000000000000100
	S5 = 32'sb00000000000000000000000000000101
	S5plus = 32'sb00000000000000000000000000001110
	S6 = 32'sb00000000000000000000000000000110
	S7 = 32'sb00000000000000000000000000000111
	S8 = 32'sb00000000000000000000000000001000
	S8plus = 32'sb00000000000000000000000000001100
	S9 = 32'sb00000000000000000000000000001001
	SIDLE = 32'sb00000000000000000000000000001111
	SWAIT = 32'sb00000000000000000000000000010001
Module <global_FSM> is correct for synthesis.
 
Analyzing module <pipe_FSM> in library <work>.
	S0 = 32'sb00000000000000000000000000000000
	S1 = 32'sb00000000000000000000000000000001
	S10 = 32'sb00000000000000000000000000001010
	S11 = 32'sb00000000000000000000000000001011
	S11plus = 32'sb00000000000000000000000000001101
	S12 = 32'sb00000000000000000000000000010000
	S12plus = 32'sb00000000000000000000000000010010
	S2 = 32'sb00000000000000000000000000000010
	S3 = 32'sb00000000000000000000000000000011
	S4 = 32'sb00000000000000000000000000000100
	S5 = 32'sb00000000000000000000000000000101
	S5plus = 32'sb00000000000000000000000000001110
	S6 = 32'sb00000000000000000000000000000110
	S7 = 32'sb00000000000000000000000000000111
	S8 = 32'sb00000000000000000000000000001000
	S8plus = 32'sb00000000000000000000000000001100
	S9 = 32'sb00000000000000000000000000001001
	SIDLE = 32'sb00000000000000000000000000001111
	SWAIT = 32'sb00000000000000000000000000010001
Module <pipe_FSM> is correct for synthesis.
 
Analyzing module <PC_ENABLE> in library <work>.
Module <PC_ENABLE> is correct for synthesis.
 

=========================================================================
*                           HDL Synthesis                               *
=========================================================================

Performing bidirectional port resolution...
INFO:Xst:2679 - Register <i> in unit <REG_FILE> has a constant value of 100000 during circuit operation. The register is replaced by logic.
INFO:Xst:2679 - Register <ALU_SrcA> in unit <pipe_FSM> has a constant value of 1 during circuit operation. The register is replaced by logic.

Synthesizing Unit <PCModule>.
    Related source file is "PC_Module.v".
    Found 32-bit register for signal <PC>.
    Summary:
	inferred  32 D-type flip-flop(s).
Unit <PCModule> synthesized.


Synthesizing Unit <PC_Gen>.
    Related source file is "PC_Gen.v".
WARNING:Xst:647 - Input <alu_out_reg> is never used. This port will be preserved and left unconnected if it belongs to a top-level block or it belongs to a sub-block and the hierarchy of this sub-block is preserved.
    Found 32-bit 4-to-1 multiplexer for signal <next_PC>.
    Found 32-bit adder for signal <next_PC$addsub0000>.
    Summary:
	inferred   1 Adder/Subtractor(s).
	inferred  32 Multiplexer(s).
Unit <PC_Gen> synthesized.


Synthesizing Unit <AddrMux>.
    Related source file is "AddrMux.v".
Unit <AddrMux> synthesized.


Synthesizing Unit <State_Reg>.
    Related source file is "State_Reg.v".
    Found 32-bit register for signal <instruction>.
    Found 32-bit register for signal <data>.
    Summary:
	inferred  64 D-type flip-flop(s).
Unit <State_Reg> synthesized.


Synthesizing Unit <Reg_MUX>.
    Related source file is "RegMux.v".
Unit <Reg_MUX> synthesized.


Synthesizing Unit <REG_DIN_MUX>.
    Related source file is "REG_DIN_MUX.v".
Unit <REG_DIN_MUX> synthesized.


Synthesizing Unit <REG_FILE>.
    Related source file is "regfile.v".
    Found 32-bit 32-to-1 multiplexer for signal <r1_dout>.
    Found 32-bit 32-to-1 multiplexer for signal <r2_dout>.
    Found 1024-bit register for signal <R>.
INFO:Xst:738 - HDL ADVISOR - 1024 flip-flops were inferred for signal <R>. You may be trying to describe a RAM in a way that is incompatible with block and distributed RAM resources available on Xilinx devices, or with a specific template that is not supported. Please review the Xilinx resources documentation and the XST user manual for coding guidelines. Taking advantage of RAM resources will lead to improved device usage and reduced synthesis time.
    Summary:
	inferred 1024 D-type flip-flop(s).
	inferred  64 Multiplexer(s).
Unit <REG_FILE> synthesized.


Synthesizing Unit <REG_OUT>.
    Related source file is "Reg_Out.v".
    Found 32-bit register for signal <r1_dout>.
    Found 32-bit register for signal <r2_dout>.
    Summary:
	inferred  64 D-type flip-flop(s).
Unit <REG_OUT> synthesized.


Synthesizing Unit <SEXT>.
    Related source file is "ALU.v".
    Found 32-bit register for signal <sext_Immed>.
    Summary:
	inferred  32 D-type flip-flop(s).
Unit <SEXT> synthesized.


Synthesizing Unit <ForwardMux>.
    Related source file is "ALU_OpA.v".
    Found 32-bit 4-to-1 multiplexer for signal <Forward>.
    Summary:
	inferred  32 Multiplexer(s).
Unit <ForwardMux> synthesized.


Synthesizing Unit <ALU_OpA>.
    Related source file is "ALU_OpA.v".
Unit <ALU_OpA> synthesized.


Synthesizing Unit <ALU_OpB>.
    Related source file is "ALU_OpB.v".
    Found 32-bit 4-to-1 multiplexer for signal <alu_opb>.
    Summary:
	inferred  32 Multiplexer(s).
Unit <ALU_OpB> synthesized.


Synthesizing Unit <ALU_CONTROL>.
    Related source file is "ALU_CONTROL.v".
    Found 16x4-bit ROM for signal <post_ALUOp$mux0000>.
    Found 4-bit 4-to-1 multiplexer for signal <post_ALUOp>.
    Summary:
	inferred   1 ROM(s).
	inferred   4 Multiplexer(s).
Unit <ALU_CONTROL> synthesized.


Synthesizing Unit <ALU>.
    Related source file is "ALU.v".
    Found 32-bit addsub for signal <alu_out$addsub0000>.
    Found 32-bit comparator less for signal <alu_out$cmp_lt0000> created at line 69.
    Found 32-bit xor2 for signal <alu_out$xor0000> created at line 65.
    Summary:
	inferred   1 Adder/Subtractor(s).
	inferred   1 Comparator(s).
Unit <ALU> synthesized.


Synthesizing Unit <ALU_RESULT_REG>.
    Related source file is "ALU.v".
    Found 32-bit register for signal <alu_out>.
    Summary:
	inferred  32 D-type flip-flop(s).
Unit <ALU_RESULT_REG> synthesized.


Synthesizing Unit <PC_ENABLE>.
    Related source file is "pipe_FSM.v".
Unit <PC_ENABLE> synthesized.


Synthesizing Unit <pipe_FSM>.
    Related source file is "pipe_FSM.v".
WARNING:Xst:647 - Input <PC_En_Conflict> is never used. This port will be preserved and left unconnected if it belongs to a top-level block or it belongs to a sub-block and the hierarchy of this sub-block is preserved.
WARNING:Xst:647 - Input <instruction<10:6>> is never used. This port will be preserved and left unconnected if it belongs to a top-level block or it belongs to a sub-block and the hierarchy of this sub-block is preserved.
WARNING:Xst:737 - Found 7-bit latch for signal <next_state>. Latches may be generated from incomplete case or if statements. We do not recommend the use of latches in FPGA/CPLD designs, as they may lead to timing problems.
INFO:Xst:2371 - HDL ADVISOR - Logic functions respectively driving the data and gate enable inputs of this latch share common terms. This situation will potentially lead to setup/hold violations and, as a result, to simulation problems. This situation may come from an incomplete case statement (all selector values are not covered). You should carefully review if it was in your intentions to describe such a latch.
    Found 2-bit register for signal <PC_Src>.
    Found 1-bit register for signal <Branch_gz>.
    Found 7-bit register for signal <state>.
    Found 1-bit register for signal <Branch_ne>.
    Found 1-bit register for signal <IR_in_Write>.
    Found 2-bit register for signal <ALUOp>.
    Found 5-bit register for signal <rs_addr>.
    Found 1-bit register for signal <PCWrite>.
    Found 5-bit register for signal <rd_addr>.
    Found 5-bit register for signal <rt_addr>.
    Found 32-bit register for signal <WB_value>.
    Found 1-bit register for signal <Branch>.
    Found 1-bit register for signal <IR_Write>.
    Found 1-bit register for signal <RegDst>.
    Found 1-bit register for signal <RegWrite>.
    Found 1-bit register for signal <fromWB>.
    Found 2-bit register for signal <ALU_SrcB>.
    Found 1-bit register for signal <MemWrite>.
    Found 3-bit register for signal <stage>.
    Found 1-bit register for signal <next_en>.
    Found 1-bit register for signal <MemtoReg>.
    Found 1-bit register for signal <IorD>.
    Found 3-bit comparator greatequal for signal <bubble_en$cmp_ge0000> created at line 98.
    Found 3-bit comparator greater for signal <flush_en$cmp_gt0000> created at line 99.
    Found 3-bit adder for signal <stage$addsub0000> created at line 217.
    Summary:
	inferred  69 D-type flip-flop(s).
	inferred   1 Adder/Subtractor(s).
	inferred   2 Comparator(s).
Unit <pipe_FSM> synthesized.


Synthesizing Unit <global_FSM>.
    Related source file is "global_FSM.v".
WARNING:Xst:646 - Signal <opcode> is assigned but never used. This unconnected signal will be trimmed during the optimization process.
WARNING:Xst:646 - Signal <PC_Src5> is assigned but never used. This unconnected signal will be trimmed during the optimization process.
WARNING:Xst:646 - Signal <PC_Src4> is assigned but never used. This unconnected signal will be trimmed during the optimization process.
WARNING:Xst:646 - Signal <PC_Src3> is assigned but never used. This unconnected signal will be trimmed during the optimization process.
WARNING:Xst:646 - Signal <PC_Src2> is assigned but never used. This unconnected signal will be trimmed during the optimization process.
WARNING:Xst:646 - Signal <PC_Src1> is assigned but never used. This unconnected signal will be trimmed during the optimization process.
WARNING:Xst:646 - Signal <PCWrite5> is assigned but never used. This unconnected signal will be trimmed during the optimization process.
WARNING:Xst:646 - Signal <PCWrite4> is assigned but never used. This unconnected signal will be trimmed during the optimization process.
WARNING:Xst:646 - Signal <PCWrite3> is assigned but never used. This unconnected signal will be trimmed during the optimization process.
WARNING:Xst:646 - Signal <PCWrite2> is assigned but never used. This unconnected signal will be trimmed during the optimization process.
WARNING:Xst:646 - Signal <PCWrite1> is assigned but never used. This unconnected signal will be trimmed during the optimization process.
WARNING:Xst:646 - Signal <MemWrite5> is assigned but never used. This unconnected signal will be trimmed during the optimization process.
WARNING:Xst:646 - Signal <MemWrite4> is assigned but never used. This unconnected signal will be trimmed during the optimization process.
WARNING:Xst:646 - Signal <MemWrite3> is assigned but never used. This unconnected signal will be trimmed during the optimization process.
WARNING:Xst:646 - Signal <MemWrite2> is assigned but never used. This unconnected signal will be trimmed during the optimization process.
WARNING:Xst:646 - Signal <MemWrite1> is assigned but never used. This unconnected signal will be trimmed during the optimization process.
WARNING:Xst:646 - Signal <IorD5> is assigned but never used. This unconnected signal will be trimmed during the optimization process.
WARNING:Xst:646 - Signal <IorD4> is assigned but never used. This unconnected signal will be trimmed during the optimization process.
WARNING:Xst:646 - Signal <IorD3> is assigned but never used. This unconnected signal will be trimmed during the optimization process.
WARNING:Xst:646 - Signal <IorD2> is assigned but never used. This unconnected signal will be trimmed during the optimization process.
WARNING:Xst:646 - Signal <IorD1> is assigned but never used. This unconnected signal will be trimmed during the optimization process.
WARNING:Xst:646 - Signal <IR_in_Write5> is assigned but never used. This unconnected signal will be trimmed during the optimization process.
WARNING:Xst:646 - Signal <IR_in_Write4> is assigned but never used. This unconnected signal will be trimmed during the optimization process.
WARNING:Xst:646 - Signal <IR_in_Write3> is assigned but never used. This unconnected signal will be trimmed during the optimization process.
WARNING:Xst:646 - Signal <IR_in_Write2> is assigned but never used. This unconnected signal will be trimmed during the optimization process.
WARNING:Xst:646 - Signal <IR_in_Write1> is assigned but never used. This unconnected signal will be trimmed during the optimization process.
WARNING:Xst:646 - Signal <DMemVisitState> is assigned but never used. This unconnected signal will be trimmed during the optimization process.
WARNING:Xst:646 - Signal <ALU_SrcA5> is assigned but never used. This unconnected signal will be trimmed during the optimization process.
WARNING:Xst:646 - Signal <ALU_SrcA4> is assigned but never used. This unconnected signal will be trimmed during the optimization process.
WARNING:Xst:646 - Signal <ALU_SrcA3> is assigned but never used. This unconnected signal will be trimmed during the optimization process.
WARNING:Xst:646 - Signal <ALU_SrcA2> is assigned but never used. This unconnected signal will be trimmed during the optimization process.
WARNING:Xst:646 - Signal <ALU_SrcA1> is assigned but never used. This unconnected signal will be trimmed during the optimization process.
    Found 32-bit 1-of-6 priority encoder for signal <WB_value>.
    Found 2-bit down counter for signal <JmpSigEn>.
    Found 1-bit register for signal <JmpSig>.
    Found 2-bit down counter for signal <BrSigEn>.
    Found 1-bit register for signal <BranchSig>.
    Found 5-bit comparator equal for signal <SelectA1$cmp_eq0003> created at line 321.
    Found 5-bit comparator equal for signal <SelectA2$cmp_eq0001> created at line 322.
    Found 5-bit comparator equal for signal <SelectA5$cmp_eq0001> created at line 325.
    Found 5-bit comparator equal for signal <SelectB1$cmp_eq0000> created at line 332.
    Found 5-bit comparator equal for signal <SelectB2$cmp_eq0000> created at line 333.
    Found 5-bit comparator equal for signal <SelectB3$cmp_eq0000> created at line 334.
    Found 5-bit comparator equal for signal <WBtoRS$cmp_eq0000> created at line 314.
    Found 5-bit comparator equal for signal <WBtoRS$cmp_eq0001> created at line 314.
    Found 5-bit comparator equal for signal <WBtoRS$cmp_eq0002> created at line 314.
    Found 5-bit comparator equal for signal <WBtoRS$cmp_eq0003> created at line 314.
    Found 5-bit comparator equal for signal <WBtoRS$cmp_eq0004> created at line 314.
    Found 5-bit comparator equal for signal <WBtoRT$cmp_eq0000> created at line 315.
    Found 5-bit comparator equal for signal <WBtoRT$cmp_eq0001> created at line 315.
    Found 5-bit comparator equal for signal <WBtoRT$cmp_eq0002> created at line 315.
    Found 5-bit comparator equal for signal <WBtoRT$cmp_eq0003> created at line 315.
    Found 5-bit comparator equal for signal <WBtoRT$cmp_eq0004> created at line 315.
    Summary:
	inferred   2 Counter(s).
	inferred   2 D-type flip-flop(s).
	inferred  16 Comparator(s).
	inferred  32 Priority encoder(s).
Unit <global_FSM> synthesized.


Synthesizing Unit <top>.
    Related source file is "top.v".
WARNING:Xst:1306 - Output <state> is never assigned.
WARNING:Xst:1306 - Output <next_state> is never assigned.
WARNING:Xst:646 - Signal <rs_addr> is assigned but never used. This unconnected signal will be trimmed during the optimization process.
Unit <top> synthesized.

INFO:Xst:1767 - HDL ADVISOR - Resource sharing has identified that some arithmetic operations in this design can share the same physical resources for reduced device utilization. For improved clock frequency you may try to disable resource sharing.

=========================================================================
HDL Synthesis Report

Macro Statistics
# ROMs                                                 : 1
 16x4-bit ROM                                          : 1
# Adders/Subtractors                                   : 7
 3-bit adder                                           : 5
 32-bit adder                                          : 1
 32-bit addsub                                         : 1
# Counters                                             : 2
 2-bit down counter                                    : 2
# Registers                                            : 151
 1-bit register                                        : 67
 2-bit register                                        : 15
 3-bit register                                        : 5
 32-bit register                                       : 44
 5-bit register                                        : 15
 7-bit register                                        : 5
# Latches                                              : 5
 7-bit latch                                           : 5
# Comparators                                          : 27
 3-bit comparator greatequal                           : 5
 3-bit comparator greater                              : 5
 32-bit comparator less                                : 1
 5-bit comparator equal                                : 16
# Multiplexers                                         : 7
 32-bit 32-to-1 multiplexer                            : 2
 32-bit 4-to-1 multiplexer                             : 4
 4-bit 4-to-1 multiplexer                              : 1
# Priority Encoders                                    : 1
 32-bit 1-of-6 priority encoder                        : 1
# Xors                                                 : 1
 32-bit xor2                                           : 1

=========================================================================

=========================================================================
*                       Advanced HDL Synthesis                          *
=========================================================================

Reading core <ipcore_dir/Memory.ngc>.
Loading core <Memory> for timing and area information for instance <myMemory>.
INFO:Xst:2261 - The FF/Latch <sext_Immed_15> in Unit <mySEXT> is equivalent to the following 16 FFs/Latches, which will be removed : <sext_Immed_16> <sext_Immed_17> <sext_Immed_18> <sext_Immed_19> <sext_Immed_20> <sext_Immed_21> <sext_Immed_22> <sext_Immed_23> <sext_Immed_24> <sext_Immed_25> <sext_Immed_26> <sext_Immed_27> <sext_Immed_28> <sext_Immed_29> <sext_Immed_30> <sext_Immed_31> 
WARNING:Xst:1710 - FF/Latch <ALU_SrcB_0> (without init value) has a constant value of 0 in block <FSM5>. This FF/Latch will be trimmed during the optimization process.
WARNING:Xst:1710 - FF/Latch <0> (without init value) has a constant value of 0 in block <6>. This FF/Latch will be trimmed during the optimization process.
WARNING:Xst:1710 - FF/Latch <0> (without init value) has a constant value of 0 in block <5>. This FF/Latch will be trimmed during the optimization process.
WARNING:Xst:1710 - FF/Latch <5> (without init value) has a constant value of 0 in block <state>. This FF/Latch will be trimmed during the optimization process.
WARNING:Xst:1710 - FF/Latch <6> (without init value) has a constant value of 0 in block <state>. This FF/Latch will be trimmed during the optimization process.
WARNING:Xst:1710 - FF/Latch <ALU_SrcB_0> (without init value) has a constant value of 0 in block <FSM4>. This FF/Latch will be trimmed during the optimization process.
WARNING:Xst:1710 - FF/Latch <0> (without init value) has a constant value of 0 in block <6>. This FF/Latch will be trimmed during the optimization process.
WARNING:Xst:1710 - FF/Latch <0> (without init value) has a constant value of 0 in block <5>. This FF/Latch will be trimmed during the optimization process.
WARNING:Xst:1710 - FF/Latch <5> (without init value) has a constant value of 0 in block <state>. This FF/Latch will be trimmed during the optimization process.
WARNING:Xst:1710 - FF/Latch <6> (without init value) has a constant value of 0 in block <state>. This FF/Latch will be trimmed during the optimization process.
WARNING:Xst:1710 - FF/Latch <ALU_SrcB_0> (without init value) has a constant value of 0 in block <FSM3>. This FF/Latch will be trimmed during the optimization process.
WARNING:Xst:1710 - FF/Latch <0> (without init value) has a constant value of 0 in block <6>. This FF/Latch will be trimmed during the optimization process.
WARNING:Xst:1710 - FF/Latch <0> (without init value) has a constant value of 0 in block <5>. This FF/Latch will be trimmed during the optimization process.
WARNING:Xst:1710 - FF/Latch <5> (without init value) has a constant value of 0 in block <state>. This FF/Latch will be trimmed during the optimization process.
WARNING:Xst:1710 - FF/Latch <ALU_SrcB_0> (without init value) has a constant value of 0 in block <FSM2>. This FF/Latch will be trimmed during the optimization process.
WARNING:Xst:1710 - FF/Latch <0> (without init value) has a constant value of 0 in block <6>. This FF/Latch will be trimmed during the optimization process.
WARNING:Xst:1710 - FF/Latch <0> (without init value) has a constant value of 0 in block <5>. This FF/Latch will be trimmed during the optimization process.
WARNING:Xst:1710 - FF/Latch <5> (without init value) has a constant value of 0 in block <state>. This FF/Latch will be trimmed during the optimization process.
WARNING:Xst:1710 - FF/Latch <ALU_SrcB_0> (without init value) has a constant value of 0 in block <FSM1>. This FF/Latch will be trimmed during the optimization process.
WARNING:Xst:1710 - FF/Latch <0> (without init value) has a constant value of 0 in block <6>. This FF/Latch will be trimmed during the optimization process.
WARNING:Xst:1710 - FF/Latch <0> (without init value) has a constant value of 0 in block <5>. This FF/Latch will be trimmed during the optimization process.
WARNING:Xst:1710 - FF/Latch <5> (without init value) has a constant value of 0 in block <state>. This FF/Latch will be trimmed during the optimization process.
WARNING:Xst:1710 - FF/Latch <6> (without init value) has a constant value of 0 in block <state>. This FF/Latch will be trimmed during the optimization process.
WARNING:Xst:1710 - FF/Latch <6> (without init value) has a constant value of 0 in block <state>. This FF/Latch will be trimmed during the optimization process.
WARNING:Xst:1710 - FF/Latch <6> (without init value) has a constant value of 0 in block <state>. This FF/Latch will be trimmed during the optimization process.

=========================================================================
Advanced HDL Synthesis Report

Macro Statistics
# ROMs                                                 : 1
 16x4-bit ROM                                          : 1
# Adders/Subtractors                                   : 7
 3-bit adder                                           : 5
 32-bit adder                                          : 1
 32-bit addsub                                         : 1
# Counters                                             : 2
 2-bit down counter                                    : 2
# Registers                                            : 1630
 Flip-Flops                                            : 1630
# Latches                                              : 5
 7-bit latch                                           : 5
# Comparators                                          : 27
 3-bit comparator greatequal                           : 5
 3-bit comparator greater                              : 5
 32-bit comparator less                                : 1
 5-bit comparator equal                                : 16
# Multiplexers                                         : 69
 1-bit 32-to-1 multiplexer                             : 64
 32-bit 4-to-1 multiplexer                             : 4
 4-bit 4-to-1 multiplexer                              : 1
# Priority Encoders                                    : 1
 32-bit 1-of-6 priority encoder                        : 1
# Xors                                                 : 1
 32-bit xor2                                           : 1

=========================================================================

=========================================================================
*                         Low Level Synthesis                           *
=========================================================================
WARNING:Xst:1710 - FF/Latch <ALU_SrcB_0> (without init value) has a constant value of 0 in block <pipe_FSM>. This FF/Latch will be trimmed during the optimization process.
INFO:Xst:2261 - The FF/Latch <sext_Immed_15> in Unit <SEXT> is equivalent to the following 16 FFs/Latches, which will be removed : <sext_Immed_16> <sext_Immed_17> <sext_Immed_18> <sext_Immed_19> <sext_Immed_20> <sext_Immed_21> <sext_Immed_22> <sext_Immed_23> <sext_Immed_24> <sext_Immed_25> <sext_Immed_26> <sext_Immed_27> <sext_Immed_28> <sext_Immed_29> <sext_Immed_30> <sext_Immed_31> 
INFO:Xst:2261 - The FF/Latch <next_state_5> in Unit <pipe_FSM> is equivalent to the following FF/Latch, which will be removed : <next_state_6> 
WARNING:Xst:1710 - FF/Latch <next_state_5> (without init value) has a constant value of 0 in block <pipe_FSM>. This FF/Latch will be trimmed during the optimization process.
WARNING:Xst:1710 - FF/Latch <state_5> (without init value) has a constant value of 0 in block <pipe_FSM>. This FF/Latch will be trimmed during the optimization process.
WARNING:Xst:1895 - Due to other FF/Latch trimming, FF/Latch <state_6> (without init value) has a constant value of 0 in block <pipe_FSM>. This FF/Latch will be trimmed during the optimization process.

Optimizing unit <top> ...

Optimizing unit <PCModule> ...

Optimizing unit <PC_Gen> ...

Optimizing unit <State_Reg> ...

Optimizing unit <REG_FILE> ...

Optimizing unit <REG_OUT> ...

Optimizing unit <SEXT> ...

Optimizing unit <ALU> ...

Optimizing unit <ALU_RESULT_REG> ...

Optimizing unit <pipe_FSM> ...

Optimizing unit <global_FSM> ...
WARNING:Xst:2677 - Node <CONTROL/FSM1/MemWrite> of sequential type is unconnected in block <top>.
WARNING:Xst:2677 - Node <CONTROL/FSM1/PCWrite> of sequential type is unconnected in block <top>.
WARNING:Xst:2677 - Node <CONTROL/FSM1/PC_Src_0> of sequential type is unconnected in block <top>.
WARNING:Xst:2677 - Node <CONTROL/FSM1/PC_Src_1> of sequential type is unconnected in block <top>.
WARNING:Xst:2677 - Node <CONTROL/FSM1/IorD> of sequential type is unconnected in block <top>.
WARNING:Xst:2677 - Node <CONTROL/FSM1/IR_in_Write> of sequential type is unconnected in block <top>.
WARNING:Xst:2677 - Node <CONTROL/FSM2/MemWrite> of sequential type is unconnected in block <top>.
WARNING:Xst:2677 - Node <CONTROL/FSM2/PCWrite> of sequential type is unconnected in block <top>.
WARNING:Xst:2677 - Node <CONTROL/FSM2/PC_Src_0> of sequential type is unconnected in block <top>.
WARNING:Xst:2677 - Node <CONTROL/FSM2/PC_Src_1> of sequential type is unconnected in block <top>.
WARNING:Xst:2677 - Node <CONTROL/FSM2/IorD> of sequential type is unconnected in block <top>.
WARNING:Xst:2677 - Node <CONTROL/FSM2/IR_in_Write> of sequential type is unconnected in block <top>.
WARNING:Xst:2677 - Node <CONTROL/FSM3/MemWrite> of sequential type is unconnected in block <top>.
WARNING:Xst:2677 - Node <CONTROL/FSM3/PCWrite> of sequential type is unconnected in block <top>.
WARNING:Xst:2677 - Node <CONTROL/FSM3/PC_Src_0> of sequential type is unconnected in block <top>.
WARNING:Xst:2677 - Node <CONTROL/FSM3/PC_Src_1> of sequential type is unconnected in block <top>.
WARNING:Xst:2677 - Node <CONTROL/FSM3/IorD> of sequential type is unconnected in block <top>.
WARNING:Xst:2677 - Node <CONTROL/FSM3/IR_in_Write> of sequential type is unconnected in block <top>.
WARNING:Xst:2677 - Node <CONTROL/FSM4/MemWrite> of sequential type is unconnected in block <top>.
WARNING:Xst:2677 - Node <CONTROL/FSM4/PCWrite> of sequential type is unconnected in block <top>.
WARNING:Xst:2677 - Node <CONTROL/FSM4/PC_Src_0> of sequential type is unconnected in block <top>.
WARNING:Xst:2677 - Node <CONTROL/FSM4/PC_Src_1> of sequential type is unconnected in block <top>.
WARNING:Xst:2677 - Node <CONTROL/FSM4/IorD> of sequential type is unconnected in block <top>.
WARNING:Xst:2677 - Node <CONTROL/FSM4/IR_in_Write> of sequential type is unconnected in block <top>.
WARNING:Xst:2677 - Node <CONTROL/FSM5/next_en> of sequential type is unconnected in block <top>.
WARNING:Xst:2677 - Node <CONTROL/FSM5/MemWrite> of sequential type is unconnected in block <top>.
WARNING:Xst:2677 - Node <CONTROL/FSM5/PCWrite> of sequential type is unconnected in block <top>.
WARNING:Xst:2677 - Node <CONTROL/FSM5/PC_Src_0> of sequential type is unconnected in block <top>.
WARNING:Xst:2677 - Node <CONTROL/FSM5/PC_Src_1> of sequential type is unconnected in block <top>.
WARNING:Xst:2677 - Node <CONTROL/FSM5/IorD> of sequential type is unconnected in block <top>.
WARNING:Xst:2677 - Node <CONTROL/FSM5/IR_in_Write> of sequential type is unconnected in block <top>.

Mapping all equations...
Building and optimizing final netlist ...
Found area constraint ratio of 100 (+ 5) on block top, actual ratio is 41.
FlipFlop CONTROL/FSM5/stage_0 has been replicated 1 time(s)
FlipFlop CONTROL/FSM5/stage_1 has been replicated 2 time(s)
FlipFlop CONTROL/FSM5/stage_2 has been replicated 1 time(s)
FlipFlop InstrData/instruction_16 has been replicated 1 time(s)
FlipFlop InstrData/instruction_21 has been replicated 1 time(s)

Final Macro Processing ...

=========================================================================
Final Register Report

Macro Statistics
# Registers                                            : 1578
 Flip-Flops                                            : 1578

=========================================================================

=========================================================================
*                           Partition Report                            *
=========================================================================

Partition Implementation Status
-------------------------------

  No Partitions were found in this design.

-------------------------------

=========================================================================
*                            Final Report                               *
=========================================================================
Final Results
RTL Top Level Output File Name     : top.ngr
Top Level Output File Name         : top
Output Format                      : NGC
Optimization Goal                  : Speed
Keep Hierarchy                     : No

Design Statistics
# IOs                              : 894

Cell Usage :
# BELS                             : 4251
#      GND                         : 2
#      INV                         : 4
#      LUT2                        : 84
#      LUT2_D                      : 1
#      LUT2_L                      : 9
#      LUT3                        : 1527
#      LUT3_D                      : 27
#      LUT3_L                      : 42
#      LUT4                        : 1090
#      LUT4_D                      : 121
#      LUT4_L                      : 139
#      MUXCY                       : 70
#      MUXF5                       : 621
#      MUXF6                       : 256
#      MUXF7                       : 128
#      MUXF8                       : 64
#      VCC                         : 2
#      XORCY                       : 64
# FlipFlops/Latches                : 1603
#      FDC                         : 148
#      FDCE                        : 1399
#      FDPE                        : 31
#      LD                          : 25
# RAMS                             : 1
#      RAMB16_S36_S36              : 1
# Clock Buffers                    : 1
#      BUFGP                       : 1
# IO Buffers                       : 879
#      IBUF                        : 1
#      OBUF                        : 878
=========================================================================

Device utilization summary:
---------------------------

Selected Device : 3s500efg320-5 

 Number of Slices:                     2051  out of   4656    44%  
 Number of Slice Flip Flops:           1603  out of   9312    17%  
 Number of 4 input LUTs:               3044  out of   9312    32%  
 Number of IOs:                         894
 Number of bonded IOBs:                 880  out of    232   379% (*) 
 Number of BRAMs:                         1  out of     20     5%  
 Number of GCLKs:                         1  out of     24     4%  

WARNING:Xst:1336 -  (*) More than 100% of Device resources are used

---------------------------
Partition Resource Summary:
---------------------------

  No Partitions were found in this design.

---------------------------


=========================================================================
TIMING REPORT

NOTE: THESE TIMING NUMBERS ARE ONLY A SYNTHESIS ESTIMATE.
      FOR ACCURATE TIMING INFORMATION PLEASE REFER TO THE TRACE REPORT
      GENERATED AFTER PLACE-and-ROUTE.

Clock Information:
------------------
-----------------------------------------------------------------------+-----------------------------------+-------+
Clock Signal                                                           | Clock buffer(FF name)             | Load  |
-----------------------------------------------------------------------+-----------------------------------+-------+
clk                                                                    | BUFGP                             | 1579  |
CONTROL/FSM1/next_state_not0001(CONTROL/FSM1/next_state_not000126_f5:O)| NONE(*)(CONTROL/FSM1/next_state_0)| 5     |
CONTROL/FSM2/next_state_not0001(CONTROL/FSM2/next_state_not000126_f5:O)| NONE(*)(CONTROL/FSM2/next_state_0)| 5     |
CONTROL/FSM3/next_state_not0001(CONTROL/FSM3/next_state_not000126_f5:O)| NONE(*)(CONTROL/FSM3/next_state_0)| 5     |
CONTROL/FSM4/next_state_not0001(CONTROL/FSM4/next_state_not000126_f5:O)| NONE(*)(CONTROL/FSM4/next_state_0)| 5     |
CONTROL/FSM5/next_state_not0001(CONTROL/FSM5/next_state_not000126_f5:O)| NONE(*)(CONTROL/FSM5/next_state_0)| 5     |
-----------------------------------------------------------------------+-----------------------------------+-------+
(*) These 5 clock signal(s) are generated by combinatorial logic,
and XST is not able to identify which are the primary clock signals.
Please use the CLOCK_SIGNAL constraint to specify the clock signal(s) generated by combinatorial logic.
INFO:Xst:2169 - HDL ADVISOR - Some clock signals were not automatically buffered by XST with BUFG/BUFR resources. Please use the buffer_type constraint in order to insert these buffers to the clock signals to help prevent skew problems.

Asynchronous Control Signals Information:
----------------------------------------
--------------------------------------------------------+--------------------------+-------+
Control Signal                                          | Buffer(FF name)          | Load  |
--------------------------------------------------------+--------------------------+-------+
ALURESULT/rst_n_inv(reg_out/rst_n_inv1_INV_0:O)         | NONE(ALURESULT/alu_out_0)| 395   |
reg_out/rst_n_inv1_INV_0_3(reg_out/rst_n_inv1_INV_0_3:O)| NONE(InstrData/data_26)  | 395   |
reg_out/rst_n_inv1_INV_0_1(reg_out/rst_n_inv1_INV_0_1:O)| NONE(RegFile/R_27_29)    | 394   |
reg_out/rst_n_inv1_INV_0_2(reg_out/rst_n_inv1_INV_0_2:O)| NONE(RegFile/R_16_2)     | 394   |
--------------------------------------------------------+--------------------------+-------+

Timing Summary:
---------------
Speed Grade: -5

   Minimum period: 34.074ns (Maximum Frequency: 29.348MHz)
   Minimum input arrival time before clock: 3.861ns
   Maximum output required time after clock: 37.355ns
   Maximum combinational path delay: 5.125ns

Timing Detail:
--------------
All values displayed in nanoseconds (ns)

=========================================================================
Timing constraint: Default period analysis for Clock 'clk'
  Clock period: 34.074ns (frequency: 29.348MHz)
  Total number of paths / destination ports: 11269968361324 / 3042
-------------------------------------------------------------------------
Delay:               34.074ns (Levels of Logic = 88)
  Source:            CONTROL/FSM3/stage_2 (FF)
  Destination:       PCReg/PC_31 (FF)
  Source Clock:      clk rising
  Destination Clock: clk rising

  Data Path: CONTROL/FSM3/stage_2 to PCReg/PC_31
                                Gate     Net
    Cell:in->out      fanout   Delay   Delay  Logical Name (Net Name)
    ----------------------------------------  ------------
     FDCE:C->Q            14   0.514   1.002  CONTROL/FSM3/stage_2 (CONTROL/FSM3/stage_2)
     LUT3:I0->O            4   0.612   0.651  CONTROL/stateofALU_cmp_eq00021 (CONTROL/stateofALU_cmp_eq0002)
     LUT3:I0->O           10   0.612   0.753  CONTROL/rtofALU<3>15_SW0 (N1068)
     LUT4:I3->O            1   0.612   0.426  CONTROL/rsofALU<1>15 (CONTROL/rsofALU<1>15)
     LUT4:I1->O           13   0.612   0.866  CONTROL/rsofALU<1>17 (CONTROL/rsofALU<1>)
     LUT4:I2->O            1   0.612   0.360  CONTROL/WBtoRS_cmp_eq0000540 (CONTROL/WBtoRS_cmp_eq0000540)
     LUT4:I3->O            1   0.612   0.000  CONTROL/WBtoRS_cmp_eq00005151_G (N1240)
     MUXF5:I1->O          38   0.278   1.226  CONTROL/WBtoRS_cmp_eq00005151 (CONTROL/WBtoRS_cmp_eq0000)
     LUT3_D:I0->O         16   0.612   0.909  CONTROL/ForwardValueB<0>41_1 (CONTROL/ForwardValueB<0>41)
     LUT4:I2->O            1   0.612   0.387  CONTROL/ForwardValueB<0>4 (CONTROL/ForwardValueB<0>4)
     LUT4:I2->O            6   0.612   0.599  CONTROL/ForwardValueB<0>16 (ForwardValueA_0_OBUF)
     LUT3:I2->O            2   0.612   0.410  ForwardBMux/Mmux_Forward3 (ForwardB_0_OBUF)
     LUT3:I2->O            2   0.612   0.449  ALU_OPB_MUX/Mmux_alu_opb2 (alu_b_0_OBUF)
     LUT3:I1->O            1   0.612   0.000  myALU/Maddsub_alu_out_addsub0000_lut<0> (myALU/Maddsub_alu_out_addsub0000_lut<0>)
     MUXCY:S->O            1   0.404   0.000  myALU/Maddsub_alu_out_addsub0000_cy<0> (myALU/Maddsub_alu_out_addsub0000_cy<0>)
     MUXCY:CI->O           1   0.052   0.000  myALU/Maddsub_alu_out_addsub0000_cy<1> (myALU/Maddsub_alu_out_addsub0000_cy<1>)
     MUXCY:CI->O           1   0.052   0.000  myALU/Maddsub_alu_out_addsub0000_cy<2> (myALU/Maddsub_alu_out_addsub0000_cy<2>)
     MUXCY:CI->O           1   0.052   0.000  myALU/Maddsub_alu_out_addsub0000_cy<3> (myALU/Maddsub_alu_out_addsub0000_cy<3>)
     MUXCY:CI->O           1   0.052   0.000  myALU/Maddsub_alu_out_addsub0000_cy<4> (myALU/Maddsub_alu_out_addsub0000_cy<4>)
     MUXCY:CI->O           1   0.052   0.000  myALU/Maddsub_alu_out_addsub0000_cy<5> (myALU/Maddsub_alu_out_addsub0000_cy<5>)
     MUXCY:CI->O           1   0.052   0.000  myALU/Maddsub_alu_out_addsub0000_cy<6> (myALU/Maddsub_alu_out_addsub0000_cy<6>)
     MUXCY:CI->O           1   0.052   0.000  myALU/Maddsub_alu_out_addsub0000_cy<7> (myALU/Maddsub_alu_out_addsub0000_cy<7>)
     MUXCY:CI->O           1   0.052   0.000  myALU/Maddsub_alu_out_addsub0000_cy<8> (myALU/Maddsub_alu_out_addsub0000_cy<8>)
     MUXCY:CI->O           1   0.052   0.000  myALU/Maddsub_alu_out_addsub0000_cy<9> (myALU/Maddsub_alu_out_addsub0000_cy<9>)
     MUXCY:CI->O           1   0.052   0.000  myALU/Maddsub_alu_out_addsub0000_cy<10> (myALU/Maddsub_alu_out_addsub0000_cy<10>)
     MUXCY:CI->O           1   0.052   0.000  myALU/Maddsub_alu_out_addsub0000_cy<11> (myALU/Maddsub_alu_out_addsub0000_cy<11>)
     MUXCY:CI->O           1   0.052   0.000  myALU/Maddsub_alu_out_addsub0000_cy<12> (myALU/Maddsub_alu_out_addsub0000_cy<12>)
     MUXCY:CI->O           1   0.052   0.000  myALU/Maddsub_alu_out_addsub0000_cy<13> (myALU/Maddsub_alu_out_addsub0000_cy<13>)
     MUXCY:CI->O           1   0.052   0.000  myALU/Maddsub_alu_out_addsub0000_cy<14> (myALU/Maddsub_alu_out_addsub0000_cy<14>)
     MUXCY:CI->O           1   0.052   0.000  myALU/Maddsub_alu_out_addsub0000_cy<15> (myALU/Maddsub_alu_out_addsub0000_cy<15>)
     MUXCY:CI->O           1   0.052   0.000  myALU/Maddsub_alu_out_addsub0000_cy<16> (myALU/Maddsub_alu_out_addsub0000_cy<16>)
     MUXCY:CI->O           1   0.052   0.000  myALU/Maddsub_alu_out_addsub0000_cy<17> (myALU/Maddsub_alu_out_addsub0000_cy<17>)
     MUXCY:CI->O           1   0.052   0.000  myALU/Maddsub_alu_out_addsub0000_cy<18> (myALU/Maddsub_alu_out_addsub0000_cy<18>)
     MUXCY:CI->O           1   0.052   0.000  myALU/Maddsub_alu_out_addsub0000_cy<19> (myALU/Maddsub_alu_out_addsub0000_cy<19>)
     MUXCY:CI->O           1   0.052   0.000  myALU/Maddsub_alu_out_addsub0000_cy<20> (myALU/Maddsub_alu_out_addsub0000_cy<20>)
     MUXCY:CI->O           1   0.052   0.000  myALU/Maddsub_alu_out_addsub0000_cy<21> (myALU/Maddsub_alu_out_addsub0000_cy<21>)
     MUXCY:CI->O           1   0.052   0.000  myALU/Maddsub_alu_out_addsub0000_cy<22> (myALU/Maddsub_alu_out_addsub0000_cy<22>)
     MUXCY:CI->O           1   0.052   0.000  myALU/Maddsub_alu_out_addsub0000_cy<23> (myALU/Maddsub_alu_out_addsub0000_cy<23>)
     MUXCY:CI->O           1   0.052   0.000  myALU/Maddsub_alu_out_addsub0000_cy<24> (myALU/Maddsub_alu_out_addsub0000_cy<24>)
     MUXCY:CI->O           1   0.052   0.000  myALU/Maddsub_alu_out_addsub0000_cy<25> (myALU/Maddsub_alu_out_addsub0000_cy<25>)
     MUXCY:CI->O           1   0.052   0.000  myALU/Maddsub_alu_out_addsub0000_cy<26> (myALU/Maddsub_alu_out_addsub0000_cy<26>)
     MUXCY:CI->O           1   0.052   0.000  myALU/Maddsub_alu_out_addsub0000_cy<27> (myALU/Maddsub_alu_out_addsub0000_cy<27>)
     MUXCY:CI->O           1   0.052   0.000  myALU/Maddsub_alu_out_addsub0000_cy<28> (myALU/Maddsub_alu_out_addsub0000_cy<28>)
     MUXCY:CI->O           1   0.052   0.000  myALU/Maddsub_alu_out_addsub0000_cy<29> (myALU/Maddsub_alu_out_addsub0000_cy<29>)
     MUXCY:CI->O           0   0.051   0.000  myALU/Maddsub_alu_out_addsub0000_cy<30> (myALU/Maddsub_alu_out_addsub0000_cy<30>)
     XORCY:CI->O           8   0.699   0.646  myALU/Maddsub_alu_out_addsub0000_xor<31> (alu_result_31_OBUF)
     LUT4:I3->O            1   0.612   0.000  myALU/ALU_ZERO_wg_lut<7> (myALU/ALU_ZERO_wg_lut<7>)
     MUXCY:S->O           10   0.752   0.819  myALU/ALU_ZERO_wg_cy<7> (ALU_ZERO_OBUF)
     LUT2:I1->O            3   0.612   0.520  CONTROL/Branch5Occur34 (CONTROL/Branch5Occur34)
     LUT4_D:I1->O          8   0.612   0.646  CONTROL/Branch5Occur50 (CONTROL/Branch5Occur)
     LUT4:I3->O            1   0.612   0.426  CONTROL/PC_En_Conflictstate<0>15 (CONTROL/PC_En_Conflictstate<0>15)
     LUT4:I1->O            3   0.612   0.481  CONTROL/PC_En_Conflictstate<0>60 (CONTROL/PC_En_Conflictstate<0>60)
     LUT3_L:I2->LO         1   0.612   0.103  CONTROL/PC_En_Conflictstate<0>91 (CONTROL/PC_En_Conflictstate<0>)
     LUT4:I3->O            4   0.612   0.568  CONTROL/PCWrite11 (CONTROL/N33)
     LUT2:I1->O           15   0.612   0.867  CONTROL/PC_Src<1>1_1 (CONTROL/PC_Src<1>1)
     LUT4:I3->O            1   0.612   0.000  PC_Generator/Madd_next_PC_addsub0000_lut<0> (PC_Generator/Madd_next_PC_addsub0000_lut<0>)
     MUXCY:S->O            1   0.404   0.000  PC_Generator/Madd_next_PC_addsub0000_cy<0> (PC_Generator/Madd_next_PC_addsub0000_cy<0>)
     MUXCY:CI->O           1   0.052   0.000  PC_Generator/Madd_next_PC_addsub0000_cy<1> (PC_Generator/Madd_next_PC_addsub0000_cy<1>)
     MUXCY:CI->O           1   0.052   0.000  PC_Generator/Madd_next_PC_addsub0000_cy<2> (PC_Generator/Madd_next_PC_addsub0000_cy<2>)
     MUXCY:CI->O           1   0.052   0.000  PC_Generator/Madd_next_PC_addsub0000_cy<3> (PC_Generator/Madd_next_PC_addsub0000_cy<3>)
     MUXCY:CI->O           1   0.052   0.000  PC_Generator/Madd_next_PC_addsub0000_cy<4> (PC_Generator/Madd_next_PC_addsub0000_cy<4>)
     MUXCY:CI->O           1   0.052   0.000  PC_Generator/Madd_next_PC_addsub0000_cy<5> (PC_Generator/Madd_next_PC_addsub0000_cy<5>)
     MUXCY:CI->O           1   0.052   0.000  PC_Generator/Madd_next_PC_addsub0000_cy<6> (PC_Generator/Madd_next_PC_addsub0000_cy<6>)
     MUXCY:CI->O           1   0.052   0.000  PC_Generator/Madd_next_PC_addsub0000_cy<7> (PC_Generator/Madd_next_PC_addsub0000_cy<7>)
     MUXCY:CI->O           1   0.052   0.000  PC_Generator/Madd_next_PC_addsub0000_cy<8> (PC_Generator/Madd_next_PC_addsub0000_cy<8>)
     MUXCY:CI->O           1   0.052   0.000  PC_Generator/Madd_next_PC_addsub0000_cy<9> (PC_Generator/Madd_next_PC_addsub0000_cy<9>)
     MUXCY:CI->O           1   0.052   0.000  PC_Generator/Madd_next_PC_addsub0000_cy<10> (PC_Generator/Madd_next_PC_addsub0000_cy<10>)
     MUXCY:CI->O           1   0.052   0.000  PC_Generator/Madd_next_PC_addsub0000_cy<11> (PC_Generator/Madd_next_PC_addsub0000_cy<11>)
     MUXCY:CI->O           1   0.052   0.000  PC_Generator/Madd_next_PC_addsub0000_cy<12> (PC_Generator/Madd_next_PC_addsub0000_cy<12>)
     MUXCY:CI->O           1   0.052   0.000  PC_Generator/Madd_next_PC_addsub0000_cy<13> (PC_Generator/Madd_next_PC_addsub0000_cy<13>)
     MUXCY:CI->O           1   0.052   0.000  PC_Generator/Madd_next_PC_addsub0000_cy<14> (PC_Generator/Madd_next_PC_addsub0000_cy<14>)
     MUXCY:CI->O           1   0.052   0.000  PC_Generator/Madd_next_PC_addsub0000_cy<15> (PC_Generator/Madd_next_PC_addsub0000_cy<15>)
     MUXCY:CI->O           1   0.052   0.000  PC_Generator/Madd_next_PC_addsub0000_cy<16> (PC_Generator/Madd_next_PC_addsub0000_cy<16>)
     MUXCY:CI->O           1   0.052   0.000  PC_Generator/Madd_next_PC_addsub0000_cy<17> (PC_Generator/Madd_next_PC_addsub0000_cy<17>)
     MUXCY:CI->O           1   0.052   0.000  PC_Generator/Madd_next_PC_addsub0000_cy<18> (PC_Generator/Madd_next_PC_addsub0000_cy<18>)
     MUXCY:CI->O           1   0.052   0.000  PC_Generator/Madd_next_PC_addsub0000_cy<19> (PC_Generator/Madd_next_PC_addsub0000_cy<19>)
     MUXCY:CI->O           1   0.052   0.000  PC_Generator/Madd_next_PC_addsub0000_cy<20> (PC_Generator/Madd_next_PC_addsub0000_cy<20>)
     MUXCY:CI->O           1   0.052   0.000  PC_Generator/Madd_next_PC_addsub0000_cy<21> (PC_Generator/Madd_next_PC_addsub0000_cy<21>)
     MUXCY:CI->O           1   0.052   0.000  PC_Generator/Madd_next_PC_addsub0000_cy<22> (PC_Generator/Madd_next_PC_addsub0000_cy<22>)
     MUXCY:CI->O           1   0.052   0.000  PC_Generator/Madd_next_PC_addsub0000_cy<23> (PC_Generator/Madd_next_PC_addsub0000_cy<23>)
     MUXCY:CI->O           1   0.052   0.000  PC_Generator/Madd_next_PC_addsub0000_cy<24> (PC_Generator/Madd_next_PC_addsub0000_cy<24>)
     MUXCY:CI->O           1   0.052   0.000  PC_Generator/Madd_next_PC_addsub0000_cy<25> (PC_Generator/Madd_next_PC_addsub0000_cy<25>)
     MUXCY:CI->O           1   0.052   0.000  PC_Generator/Madd_next_PC_addsub0000_cy<26> (PC_Generator/Madd_next_PC_addsub0000_cy<26>)
     MUXCY:CI->O           1   0.052   0.000  PC_Generator/Madd_next_PC_addsub0000_cy<27> (PC_Generator/Madd_next_PC_addsub0000_cy<27>)
     MUXCY:CI->O           1   0.052   0.000  PC_Generator/Madd_next_PC_addsub0000_cy<28> (PC_Generator/Madd_next_PC_addsub0000_cy<28>)
     MUXCY:CI->O           1   0.052   0.000  PC_Generator/Madd_next_PC_addsub0000_cy<29> (PC_Generator/Madd_next_PC_addsub0000_cy<29>)
     MUXCY:CI->O           0   0.052   0.000  PC_Generator/Madd_next_PC_addsub0000_cy<30> (PC_Generator/Madd_next_PC_addsub0000_cy<30>)
     XORCY:CI->O           1   0.699   0.387  PC_Generator/Madd_next_PC_addsub0000_xor<31> (PC_Generator/next_PC_addsub0000<31>)
     LUT3:I2->O            2   0.612   0.000  PC_Generator/Mmux_next_PC48 (next_PC_31_OBUF)
     FDCE:D                    0.268          PCReg/PC_31
    ----------------------------------------
    Total                     34.074ns (20.572ns logic, 13.502ns route)
                                       (60.4% logic, 39.6% route)

=========================================================================
Timing constraint: Default period analysis for Clock 'CONTROL/FSM1/next_state_not0001'
  Clock period: 10.287ns (frequency: 97.212MHz)
  Total number of paths / destination ports: 25 / 5
-------------------------------------------------------------------------
Delay:               10.287ns (Levels of Logic = 8)
  Source:            CONTROL/FSM1/next_state_3 (LATCH)
  Destination:       CONTROL/FSM1/next_state_4 (LATCH)
  Source Clock:      CONTROL/FSM1/next_state_not0001 falling
  Destination Clock: CONTROL/FSM1/next_state_not0001 falling

  Data Path: CONTROL/FSM1/next_state_3 to CONTROL/FSM1/next_state_4
                                Gate     Net
    Cell:in->out      fanout   Delay   Delay  Logical Name (Net Name)
    ----------------------------------------  ------------
     LD:G->Q              17   0.588   1.045  CONTROL/FSM1/next_state_3 (CONTROL/FSM1/next_state_3)
     LUT4:I0->O            1   0.612   0.426  CONTROL/JmpOccur229 (CONTROL/JmpOccur229)
     LUT4:I1->O            1   0.612   0.426  CONTROL/JmpOccur247 (CONTROL/JmpOccur247)
     LUT4:I1->O            6   0.612   0.721  CONTROL/JmpOccur258 (CONTROL/JmpOccur)
     LUT3_L:I0->LO         1   0.612   0.103  CONTROL/flush_SW0 (N157)
     LUT4:I3->O            7   0.612   0.754  CONTROL/flush (flush_OBUF)
     LUT4:I0->O            9   0.612   0.700  CONTROL/FSM1/flush_en (CONTROL/FSM1/flush_en)
     LUT4:I3->O            1   0.612   0.360  CONTROL/FSM1/next_state_mux0000<4>162_SW0 (N1381)
     LUT4:I3->O            1   0.612   0.000  CONTROL/FSM1/next_state_mux0000<4>162 (CONTROL/FSM1/next_state_mux0000<4>)
     LD:D                      0.268          CONTROL/FSM1/next_state_4
    ----------------------------------------
    Total                     10.287ns (5.752ns logic, 4.535ns route)
                                       (55.9% logic, 44.1% route)

=========================================================================
Timing constraint: Default period analysis for Clock 'CONTROL/FSM2/next_state_not0001'
  Clock period: 10.221ns (frequency: 97.840MHz)
  Total number of paths / destination ports: 25 / 5
-------------------------------------------------------------------------
Delay:               10.221ns (Levels of Logic = 8)
  Source:            CONTROL/FSM2/next_state_3 (LATCH)
  Destination:       CONTROL/FSM2/next_state_4 (LATCH)
  Source Clock:      CONTROL/FSM2/next_state_not0001 falling
  Destination Clock: CONTROL/FSM2/next_state_not0001 falling

  Data Path: CONTROL/FSM2/next_state_3 to CONTROL/FSM2/next_state_4
                                Gate     Net
    Cell:in->out      fanout   Delay   Delay  Logical Name (Net Name)
    ----------------------------------------  ------------
     LD:G->Q              17   0.588   1.045  CONTROL/FSM2/next_state_3 (CONTROL/FSM2/next_state_3)
     LUT4:I0->O            1   0.612   0.360  CONTROL/JmpOccur186 (CONTROL/JmpOccur186)
     LUT4:I3->O            1   0.612   0.426  CONTROL/JmpOccur247 (CONTROL/JmpOccur247)
     LUT4:I1->O            6   0.612   0.721  CONTROL/JmpOccur258 (CONTROL/JmpOccur)
     LUT3_L:I0->LO         1   0.612   0.103  CONTROL/flush_SW0 (N157)
     LUT4:I3->O            7   0.612   0.754  CONTROL/flush (flush_OBUF)
     LUT4:I0->O            9   0.612   0.700  CONTROL/FSM2/flush_en (CONTROL/FSM2/flush_en)
     LUT4:I3->O            1   0.612   0.360  CONTROL/FSM2/next_state_mux0000<4>162_SW0 (N1379)
     LUT4:I3->O            1   0.612   0.000  CONTROL/FSM2/next_state_mux0000<4>162 (CONTROL/FSM2/next_state_mux0000<4>)
     LD:D                      0.268          CONTROL/FSM2/next_state_4
    ----------------------------------------
    Total                     10.221ns (5.752ns logic, 4.469ns route)
                                       (56.3% logic, 43.7% route)

=========================================================================
Timing constraint: Default period analysis for Clock 'CONTROL/FSM3/next_state_not0001'
  Clock period: 9.210ns (frequency: 108.580MHz)
  Total number of paths / destination ports: 25 / 5
-------------------------------------------------------------------------
Delay:               9.210ns (Levels of Logic = 7)
  Source:            CONTROL/FSM3/next_state_3 (LATCH)
  Destination:       CONTROL/FSM3/next_state_4 (LATCH)
  Source Clock:      CONTROL/FSM3/next_state_not0001 falling
  Destination Clock: CONTROL/FSM3/next_state_not0001 falling

  Data Path: CONTROL/FSM3/next_state_3 to CONTROL/FSM3/next_state_4
                                Gate     Net
    Cell:in->out      fanout   Delay   Delay  Logical Name (Net Name)
    ----------------------------------------  ------------
     LD:G->Q              17   0.588   1.045  CONTROL/FSM3/next_state_3 (CONTROL/FSM3/next_state_3)
     LUT4:I0->O            1   0.612   0.387  CONTROL/JmpOccur72 (CONTROL/JmpOccur72)
     LUT4:I2->O            6   0.612   0.721  CONTROL/JmpOccur258 (CONTROL/JmpOccur)
     LUT3_L:I0->LO         1   0.612   0.103  CONTROL/flush_SW0 (N157)
     LUT4:I3->O            7   0.612   0.754  CONTROL/flush (flush_OBUF)
     LUT4:I0->O            9   0.612   0.700  CONTROL/FSM3/flush_en (CONTROL/FSM3/flush_en)
     LUT4:I3->O            1   0.612   0.360  CONTROL/FSM3/next_state_mux0000<4>162_SW0 (N1385)
     LUT4:I3->O            1   0.612   0.000  CONTROL/FSM3/next_state_mux0000<4>162 (CONTROL/FSM3/next_state_mux0000<4>)
     LD:D                      0.268          CONTROL/FSM3/next_state_4
    ----------------------------------------
    Total                      9.210ns (5.140ns logic, 4.070ns route)
                                       (55.8% logic, 44.2% route)

=========================================================================
Timing constraint: Default period analysis for Clock 'CONTROL/FSM4/next_state_not0001'
  Clock period: 10.304ns (frequency: 97.052MHz)
  Total number of paths / destination ports: 25 / 5
-------------------------------------------------------------------------
Delay:               10.304ns (Levels of Logic = 8)
  Source:            CONTROL/FSM4/next_state_3 (LATCH)
  Destination:       CONTROL/FSM4/next_state_4 (LATCH)
  Source Clock:      CONTROL/FSM4/next_state_not0001 falling
  Destination Clock: CONTROL/FSM4/next_state_not0001 falling

  Data Path: CONTROL/FSM4/next_state_3 to CONTROL/FSM4/next_state_4
                                Gate     Net
    Cell:in->out      fanout   Delay   Delay  Logical Name (Net Name)
    ----------------------------------------  ------------
     LD:G->Q              17   0.588   1.045  CONTROL/FSM4/next_state_3 (CONTROL/FSM4/next_state_3)
     LUT4:I0->O            1   0.612   0.360  CONTROL/JmpOccur29 (CONTROL/JmpOccur29)
     LUT4:I3->O            1   0.612   0.509  CONTROL/JmpOccur258_SW0 (N1329)
     LUT4:I0->O            6   0.612   0.721  CONTROL/JmpOccur258 (CONTROL/JmpOccur)
     LUT3_L:I0->LO         1   0.612   0.103  CONTROL/flush_SW0 (N157)
     LUT4:I3->O            7   0.612   0.754  CONTROL/flush (flush_OBUF)
     LUT4:I0->O            9   0.612   0.700  CONTROL/FSM4/flush_en (CONTROL/FSM4/flush_en)
     LUT4:I3->O            1   0.612   0.360  CONTROL/FSM4/next_state_mux0000<4>162_SW0 (N1383)
     LUT4:I3->O            1   0.612   0.000  CONTROL/FSM4/next_state_mux0000<4>162 (CONTROL/FSM4/next_state_mux0000<4>)
     LD:D                      0.268          CONTROL/FSM4/next_state_4
    ----------------------------------------
    Total                     10.304ns (5.752ns logic, 4.552ns route)
                                       (55.8% logic, 44.2% route)

=========================================================================
Timing constraint: Default period analysis for Clock 'CONTROL/FSM5/next_state_not0001'
  Clock period: 10.370ns (frequency: 96.434MHz)
  Total number of paths / destination ports: 25 / 5
-------------------------------------------------------------------------
Delay:               10.370ns (Levels of Logic = 8)
  Source:            CONTROL/FSM5/next_state_3 (LATCH)
  Destination:       CONTROL/FSM5/next_state_4 (LATCH)
  Source Clock:      CONTROL/FSM5/next_state_not0001 falling
  Destination Clock: CONTROL/FSM5/next_state_not0001 falling

  Data Path: CONTROL/FSM5/next_state_3 to CONTROL/FSM5/next_state_4
                                Gate     Net
    Cell:in->out      fanout   Delay   Delay  Logical Name (Net Name)
    ----------------------------------------  ------------
     LD:G->Q              17   0.588   1.045  CONTROL/FSM5/next_state_3 (CONTROL/FSM5/next_state_3)
     LUT4:I0->O            1   0.612   0.426  CONTROL/JmpOccur129 (CONTROL/JmpOccur129)
     LUT4:I1->O            1   0.612   0.509  CONTROL/JmpOccur258_SW0 (N1329)
     LUT4:I0->O            6   0.612   0.721  CONTROL/JmpOccur258 (CONTROL/JmpOccur)
     LUT3_L:I0->LO         1   0.612   0.103  CONTROL/flush_SW0 (N157)
     LUT4:I3->O            7   0.612   0.754  CONTROL/flush (flush_OBUF)
     LUT4:I0->O            9   0.612   0.700  CONTROL/FSM5/flush_en (CONTROL/FSM5/flush_en)
     LUT4:I3->O            1   0.612   0.360  CONTROL/FSM5/next_state_mux0000<4>162_SW0 (N1377)
     LUT4:I3->O            1   0.612   0.000  CONTROL/FSM5/next_state_mux0000<4>162 (CONTROL/FSM5/next_state_mux0000<4>)
     LD:D                      0.268          CONTROL/FSM5/next_state_4
    ----------------------------------------
    Total                     10.370ns (5.752ns logic, 4.618ns route)
                                       (55.5% logic, 44.5% route)

=========================================================================
Timing constraint: Default OFFSET IN BEFORE for Clock 'clk'
  Total number of paths / destination ports: 17 / 17
-------------------------------------------------------------------------
Offset:              3.861ns (Levels of Logic = 3)
  Source:            rst_n (PAD)
  Destination:       CONTROL/FSM1/stage_1 (FF)
  Destination Clock: clk rising

  Data Path: rst_n to CONTROL/FSM1/stage_1
                                Gate     Net
    Cell:in->out      fanout   Delay   Delay  Logical Name (Net Name)
    ----------------------------------------  ------------
     IBUF:I->O            14   1.106   0.880  rst_n_IBUF (rst_n_IBUF)
     LUT4_D:I2->O          2   0.612   0.383  CONTROL/FSM1/stage_mux0000<0>11 (CONTROL/FSM1/N63)
     LUT4:I3->O            1   0.612   0.000  CONTROL/FSM1/stage_mux0000<1>1 (CONTROL/FSM1/stage_mux0000<1>)
     FDCE:D                    0.268          CONTROL/FSM1/stage_1
    ----------------------------------------
    Total                      3.861ns (2.598ns logic, 1.263ns route)
                                       (67.3% logic, 32.7% route)

=========================================================================
Timing constraint: Default OFFSET OUT AFTER for Clock 'clk'
  Total number of paths / destination ports: 10439096448759 / 857
-------------------------------------------------------------------------
Offset:              37.355ns (Levels of Logic = 89)
  Source:            CONTROL/FSM3/stage_2 (FF)
  Destination:       next_PC<31> (PAD)
  Source Clock:      clk rising

  Data Path: CONTROL/FSM3/stage_2 to next_PC<31>
                                Gate     Net
    Cell:in->out      fanout   Delay   Delay  Logical Name (Net Name)
    ----------------------------------------  ------------
     FDCE:C->Q            14   0.514   1.002  CONTROL/FSM3/stage_2 (CONTROL/FSM3/stage_2)
     LUT3:I0->O            4   0.612   0.651  CONTROL/stateofALU_cmp_eq00021 (CONTROL/stateofALU_cmp_eq0002)
     LUT3:I0->O           10   0.612   0.753  CONTROL/rtofALU<3>15_SW0 (N1068)
     LUT4:I3->O            1   0.612   0.426  CONTROL/rsofALU<1>15 (CONTROL/rsofALU<1>15)
     LUT4:I1->O           13   0.612   0.866  CONTROL/rsofALU<1>17 (CONTROL/rsofALU<1>)
     LUT4:I2->O            1   0.612   0.360  CONTROL/WBtoRS_cmp_eq0000540 (CONTROL/WBtoRS_cmp_eq0000540)
     LUT4:I3->O            1   0.612   0.000  CONTROL/WBtoRS_cmp_eq00005151_G (N1240)
     MUXF5:I1->O          38   0.278   1.226  CONTROL/WBtoRS_cmp_eq00005151 (CONTROL/WBtoRS_cmp_eq0000)
     LUT3_D:I0->O         16   0.612   0.909  CONTROL/ForwardValueB<0>41_1 (CONTROL/ForwardValueB<0>41)
     LUT4:I2->O            1   0.612   0.387  CONTROL/ForwardValueB<0>4 (CONTROL/ForwardValueB<0>4)
     LUT4:I2->O            6   0.612   0.599  CONTROL/ForwardValueB<0>16 (ForwardValueA_0_OBUF)
     LUT3:I2->O            2   0.612   0.410  ForwardBMux/Mmux_Forward3 (ForwardB_0_OBUF)
     LUT3:I2->O            2   0.612   0.449  ALU_OPB_MUX/Mmux_alu_opb2 (alu_b_0_OBUF)
     LUT3:I1->O            1   0.612   0.000  myALU/Maddsub_alu_out_addsub0000_lut<0> (myALU/Maddsub_alu_out_addsub0000_lut<0>)
     MUXCY:S->O            1   0.404   0.000  myALU/Maddsub_alu_out_addsub0000_cy<0> (myALU/Maddsub_alu_out_addsub0000_cy<0>)
     MUXCY:CI->O           1   0.052   0.000  myALU/Maddsub_alu_out_addsub0000_cy<1> (myALU/Maddsub_alu_out_addsub0000_cy<1>)
     MUXCY:CI->O           1   0.052   0.000  myALU/Maddsub_alu_out_addsub0000_cy<2> (myALU/Maddsub_alu_out_addsub0000_cy<2>)
     MUXCY:CI->O           1   0.052   0.000  myALU/Maddsub_alu_out_addsub0000_cy<3> (myALU/Maddsub_alu_out_addsub0000_cy<3>)
     MUXCY:CI->O           1   0.052   0.000  myALU/Maddsub_alu_out_addsub0000_cy<4> (myALU/Maddsub_alu_out_addsub0000_cy<4>)
     MUXCY:CI->O           1   0.052   0.000  myALU/Maddsub_alu_out_addsub0000_cy<5> (myALU/Maddsub_alu_out_addsub0000_cy<5>)
     MUXCY:CI->O           1   0.052   0.000  myALU/Maddsub_alu_out_addsub0000_cy<6> (myALU/Maddsub_alu_out_addsub0000_cy<6>)
     MUXCY:CI->O           1   0.052   0.000  myALU/Maddsub_alu_out_addsub0000_cy<7> (myALU/Maddsub_alu_out_addsub0000_cy<7>)
     MUXCY:CI->O           1   0.052   0.000  myALU/Maddsub_alu_out_addsub0000_cy<8> (myALU/Maddsub_alu_out_addsub0000_cy<8>)
     MUXCY:CI->O           1   0.052   0.000  myALU/Maddsub_alu_out_addsub0000_cy<9> (myALU/Maddsub_alu_out_addsub0000_cy<9>)
     MUXCY:CI->O           1   0.052   0.000  myALU/Maddsub_alu_out_addsub0000_cy<10> (myALU/Maddsub_alu_out_addsub0000_cy<10>)
     MUXCY:CI->O           1   0.052   0.000  myALU/Maddsub_alu_out_addsub0000_cy<11> (myALU/Maddsub_alu_out_addsub0000_cy<11>)
     MUXCY:CI->O           1   0.052   0.000  myALU/Maddsub_alu_out_addsub0000_cy<12> (myALU/Maddsub_alu_out_addsub0000_cy<12>)
     MUXCY:CI->O           1   0.052   0.000  myALU/Maddsub_alu_out_addsub0000_cy<13> (myALU/Maddsub_alu_out_addsub0000_cy<13>)
     MUXCY:CI->O           1   0.052   0.000  myALU/Maddsub_alu_out_addsub0000_cy<14> (myALU/Maddsub_alu_out_addsub0000_cy<14>)
     MUXCY:CI->O           1   0.052   0.000  myALU/Maddsub_alu_out_addsub0000_cy<15> (myALU/Maddsub_alu_out_addsub0000_cy<15>)
     MUXCY:CI->O           1   0.052   0.000  myALU/Maddsub_alu_out_addsub0000_cy<16> (myALU/Maddsub_alu_out_addsub0000_cy<16>)
     MUXCY:CI->O           1   0.052   0.000  myALU/Maddsub_alu_out_addsub0000_cy<17> (myALU/Maddsub_alu_out_addsub0000_cy<17>)
     MUXCY:CI->O           1   0.052   0.000  myALU/Maddsub_alu_out_addsub0000_cy<18> (myALU/Maddsub_alu_out_addsub0000_cy<18>)
     MUXCY:CI->O           1   0.052   0.000  myALU/Maddsub_alu_out_addsub0000_cy<19> (myALU/Maddsub_alu_out_addsub0000_cy<19>)
     MUXCY:CI->O           1   0.052   0.000  myALU/Maddsub_alu_out_addsub0000_cy<20> (myALU/Maddsub_alu_out_addsub0000_cy<20>)
     MUXCY:CI->O           1   0.052   0.000  myALU/Maddsub_alu_out_addsub0000_cy<21> (myALU/Maddsub_alu_out_addsub0000_cy<21>)
     MUXCY:CI->O           1   0.052   0.000  myALU/Maddsub_alu_out_addsub0000_cy<22> (myALU/Maddsub_alu_out_addsub0000_cy<22>)
     MUXCY:CI->O           1   0.052   0.000  myALU/Maddsub_alu_out_addsub0000_cy<23> (myALU/Maddsub_alu_out_addsub0000_cy<23>)
     MUXCY:CI->O           1   0.052   0.000  myALU/Maddsub_alu_out_addsub0000_cy<24> (myALU/Maddsub_alu_out_addsub0000_cy<24>)
     MUXCY:CI->O           1   0.052   0.000  myALU/Maddsub_alu_out_addsub0000_cy<25> (myALU/Maddsub_alu_out_addsub0000_cy<25>)
     MUXCY:CI->O           1   0.052   0.000  myALU/Maddsub_alu_out_addsub0000_cy<26> (myALU/Maddsub_alu_out_addsub0000_cy<26>)
     MUXCY:CI->O           1   0.052   0.000  myALU/Maddsub_alu_out_addsub0000_cy<27> (myALU/Maddsub_alu_out_addsub0000_cy<27>)
     MUXCY:CI->O           1   0.052   0.000  myALU/Maddsub_alu_out_addsub0000_cy<28> (myALU/Maddsub_alu_out_addsub0000_cy<28>)
     MUXCY:CI->O           1   0.052   0.000  myALU/Maddsub_alu_out_addsub0000_cy<29> (myALU/Maddsub_alu_out_addsub0000_cy<29>)
     MUXCY:CI->O           0   0.052   0.000  myALU/Maddsub_alu_out_addsub0000_cy<30> (myALU/Maddsub_alu_out_addsub0000_cy<30>)
     XORCY:CI->O           8   0.699   0.646  myALU/Maddsub_alu_out_addsub0000_xor<31> (alu_result_31_OBUF)
     LUT4:I3->O            1   0.612   0.000  myALU/ALU_ZERO_wg_lut<7> (myALU/ALU_ZERO_wg_lut<7>)
     MUXCY:S->O           10   0.752   0.819  myALU/ALU_ZERO_wg_cy<7> (ALU_ZERO_OBUF)
     LUT2:I1->O            3   0.612   0.520  CONTROL/Branch5Occur34 (CONTROL/Branch5Occur34)
     LUT4_D:I1->O          8   0.612   0.646  CONTROL/Branch5Occur50 (CONTROL/Branch5Occur)
     LUT4:I3->O            1   0.612   0.426  CONTROL/PC_En_Conflictstate<0>15 (CONTROL/PC_En_Conflictstate<0>15)
     LUT4:I1->O            3   0.612   0.481  CONTROL/PC_En_Conflictstate<0>60 (CONTROL/PC_En_Conflictstate<0>60)
     LUT3_L:I2->LO         1   0.612   0.103  CONTROL/PC_En_Conflictstate<0>91 (CONTROL/PC_En_Conflictstate<0>)
     LUT4:I3->O            4   0.612   0.568  CONTROL/PCWrite11 (CONTROL/N33)
     LUT2:I1->O           15   0.612   0.867  CONTROL/PC_Src<1>1_1 (CONTROL/PC_Src<1>1)
     LUT4:I3->O            1   0.612   0.000  PC_Generator/Madd_next_PC_addsub0000_lut<0> (PC_Generator/Madd_next_PC_addsub0000_lut<0>)
     MUXCY:S->O            1   0.404   0.000  PC_Generator/Madd_next_PC_addsub0000_cy<0> (PC_Generator/Madd_next_PC_addsub0000_cy<0>)
     MUXCY:CI->O           1   0.051   0.000  PC_Generator/Madd_next_PC_addsub0000_cy<1> (PC_Generator/Madd_next_PC_addsub0000_cy<1>)
     MUXCY:CI->O           1   0.051   0.000  PC_Generator/Madd_next_PC_addsub0000_cy<2> (PC_Generator/Madd_next_PC_addsub0000_cy<2>)
     MUXCY:CI->O           1   0.051   0.000  PC_Generator/Madd_next_PC_addsub0000_cy<3> (PC_Generator/Madd_next_PC_addsub0000_cy<3>)
     MUXCY:CI->O           1   0.051   0.000  PC_Generator/Madd_next_PC_addsub0000_cy<4> (PC_Generator/Madd_next_PC_addsub0000_cy<4>)
     MUXCY:CI->O           1   0.051   0.000  PC_Generator/Madd_next_PC_addsub0000_cy<5> (PC_Generator/Madd_next_PC_addsub0000_cy<5>)
     MUXCY:CI->O           1   0.051   0.000  PC_Generator/Madd_next_PC_addsub0000_cy<6> (PC_Generator/Madd_next_PC_addsub0000_cy<6>)
     MUXCY:CI->O           1   0.051   0.000  PC_Generator/Madd_next_PC_addsub0000_cy<7> (PC_Generator/Madd_next_PC_addsub0000_cy<7>)
     MUXCY:CI->O           1   0.051   0.000  PC_Generator/Madd_next_PC_addsub0000_cy<8> (PC_Generator/Madd_next_PC_addsub0000_cy<8>)
     MUXCY:CI->O           1   0.051   0.000  PC_Generator/Madd_next_PC_addsub0000_cy<9> (PC_Generator/Madd_next_PC_addsub0000_cy<9>)
     MUXCY:CI->O           1   0.051   0.000  PC_Generator/Madd_next_PC_addsub0000_cy<10> (PC_Generator/Madd_next_PC_addsub0000_cy<10>)
     MUXCY:CI->O           1   0.051   0.000  PC_Generator/Madd_next_PC_addsub0000_cy<11> (PC_Generator/Madd_next_PC_addsub0000_cy<11>)
     MUXCY:CI->O           1   0.051   0.000  PC_Generator/Madd_next_PC_addsub0000_cy<12> (PC_Generator/Madd_next_PC_addsub0000_cy<12>)
     MUXCY:CI->O           1   0.051   0.000  PC_Generator/Madd_next_PC_addsub0000_cy<13> (PC_Generator/Madd_next_PC_addsub0000_cy<13>)
     MUXCY:CI->O           1   0.051   0.000  PC_Generator/Madd_next_PC_addsub0000_cy<14> (PC_Generator/Madd_next_PC_addsub0000_cy<14>)
     MUXCY:CI->O           1   0.051   0.000  PC_Generator/Madd_next_PC_addsub0000_cy<15> (PC_Generator/Madd_next_PC_addsub0000_cy<15>)
     MUXCY:CI->O           1   0.051   0.000  PC_Generator/Madd_next_PC_addsub0000_cy<16> (PC_Generator/Madd_next_PC_addsub0000_cy<16>)
     MUXCY:CI->O           1   0.051   0.000  PC_Generator/Madd_next_PC_addsub0000_cy<17> (PC_Generator/Madd_next_PC_addsub0000_cy<17>)
     MUXCY:CI->O           1   0.051   0.000  PC_Generator/Madd_next_PC_addsub0000_cy<18> (PC_Generator/Madd_next_PC_addsub0000_cy<18>)
     MUXCY:CI->O           1   0.051   0.000  PC_Generator/Madd_next_PC_addsub0000_cy<19> (PC_Generator/Madd_next_PC_addsub0000_cy<19>)
     MUXCY:CI->O           1   0.051   0.000  PC_Generator/Madd_next_PC_addsub0000_cy<20> (PC_Generator/Madd_next_PC_addsub0000_cy<20>)
     MUXCY:CI->O           1   0.051   0.000  PC_Generator/Madd_next_PC_addsub0000_cy<21> (PC_Generator/Madd_next_PC_addsub0000_cy<21>)
     MUXCY:CI->O           1   0.051   0.000  PC_Generator/Madd_next_PC_addsub0000_cy<22> (PC_Generator/Madd_next_PC_addsub0000_cy<22>)
     MUXCY:CI->O           1   0.051   0.000  PC_Generator/Madd_next_PC_addsub0000_cy<23> (PC_Generator/Madd_next_PC_addsub0000_cy<23>)
     MUXCY:CI->O           1   0.051   0.000  PC_Generator/Madd_next_PC_addsub0000_cy<24> (PC_Generator/Madd_next_PC_addsub0000_cy<24>)
     MUXCY:CI->O           1   0.051   0.000  PC_Generator/Madd_next_PC_addsub0000_cy<25> (PC_Generator/Madd_next_PC_addsub0000_cy<25>)
     MUXCY:CI->O           1   0.051   0.000  PC_Generator/Madd_next_PC_addsub0000_cy<26> (PC_Generator/Madd_next_PC_addsub0000_cy<26>)
     MUXCY:CI->O           1   0.051   0.000  PC_Generator/Madd_next_PC_addsub0000_cy<27> (PC_Generator/Madd_next_PC_addsub0000_cy<27>)
     MUXCY:CI->O           1   0.051   0.000  PC_Generator/Madd_next_PC_addsub0000_cy<28> (PC_Generator/Madd_next_PC_addsub0000_cy<28>)
     MUXCY:CI->O           1   0.051   0.000  PC_Generator/Madd_next_PC_addsub0000_cy<29> (PC_Generator/Madd_next_PC_addsub0000_cy<29>)
     MUXCY:CI->O           0   0.051   0.000  PC_Generator/Madd_next_PC_addsub0000_cy<30> (PC_Generator/Madd_next_PC_addsub0000_cy<30>)
     XORCY:CI->O           1   0.699   0.387  PC_Generator/Madd_next_PC_addsub0000_xor<31> (PC_Generator/next_PC_addsub0000<31>)
     LUT3:I2->O            2   0.612   0.380  PC_Generator/Mmux_next_PC48 (next_PC_31_OBUF)
     OBUF:I->O                 3.169          next_PC_31_OBUF (next_PC<31>)
    ----------------------------------------
    Total                     37.355ns (23.473ns logic, 13.882ns route)
                                       (62.8% logic, 37.2% route)

=========================================================================
Timing constraint: Default OFFSET OUT AFTER for Clock 'CONTROL/FSM5/next_state_not0001'
  Total number of paths / destination ports: 10 / 2
-------------------------------------------------------------------------
Offset:              10.223ns (Levels of Logic = 6)
  Source:            CONTROL/FSM5/next_state_3 (LATCH)
  Destination:       flush (PAD)
  Source Clock:      CONTROL/FSM5/next_state_not0001 falling

  Data Path: CONTROL/FSM5/next_state_3 to flush
                                Gate     Net
    Cell:in->out      fanout   Delay   Delay  Logical Name (Net Name)
    ----------------------------------------  ------------
     LD:G->Q              17   0.588   1.045  CONTROL/FSM5/next_state_3 (CONTROL/FSM5/next_state_3)
     LUT4:I0->O            1   0.612   0.426  CONTROL/JmpOccur129 (CONTROL/JmpOccur129)
     LUT4:I1->O            1   0.612   0.509  CONTROL/JmpOccur258_SW0 (N1329)
     LUT4:I0->O            6   0.612   0.721  CONTROL/JmpOccur258 (CONTROL/JmpOccur)
     LUT3_L:I0->LO         1   0.612   0.103  CONTROL/flush_SW0 (N157)
     LUT4:I3->O            7   0.612   0.602  CONTROL/flush (flush_OBUF)
     OBUF:I->O                 3.169          flush_OBUF (flush)
    ----------------------------------------
    Total                     10.223ns (6.817ns logic, 3.406ns route)
                                       (66.7% logic, 33.3% route)

=========================================================================
Timing constraint: Default OFFSET OUT AFTER for Clock 'CONTROL/FSM4/next_state_not0001'
  Total number of paths / destination ports: 10 / 2
-------------------------------------------------------------------------
Offset:              10.157ns (Levels of Logic = 6)
  Source:            CONTROL/FSM4/next_state_3 (LATCH)
  Destination:       flush (PAD)
  Source Clock:      CONTROL/FSM4/next_state_not0001 falling

  Data Path: CONTROL/FSM4/next_state_3 to flush
                                Gate     Net
    Cell:in->out      fanout   Delay   Delay  Logical Name (Net Name)
    ----------------------------------------  ------------
     LD:G->Q              17   0.588   1.045  CONTROL/FSM4/next_state_3 (CONTROL/FSM4/next_state_3)
     LUT4:I0->O            1   0.612   0.360  CONTROL/JmpOccur29 (CONTROL/JmpOccur29)
     LUT4:I3->O            1   0.612   0.509  CONTROL/JmpOccur258_SW0 (N1329)
     LUT4:I0->O            6   0.612   0.721  CONTROL/JmpOccur258 (CONTROL/JmpOccur)
     LUT3_L:I0->LO         1   0.612   0.103  CONTROL/flush_SW0 (N157)
     LUT4:I3->O            7   0.612   0.602  CONTROL/flush (flush_OBUF)
     OBUF:I->O                 3.169          flush_OBUF (flush)
    ----------------------------------------
    Total                     10.157ns (6.817ns logic, 3.340ns route)
                                       (67.1% logic, 32.9% route)

=========================================================================
Timing constraint: Default OFFSET OUT AFTER for Clock 'CONTROL/FSM1/next_state_not0001'
  Total number of paths / destination ports: 10 / 2
-------------------------------------------------------------------------
Offset:              10.140ns (Levels of Logic = 6)
  Source:            CONTROL/FSM1/next_state_3 (LATCH)
  Destination:       flush (PAD)
  Source Clock:      CONTROL/FSM1/next_state_not0001 falling

  Data Path: CONTROL/FSM1/next_state_3 to flush
                                Gate     Net
    Cell:in->out      fanout   Delay   Delay  Logical Name (Net Name)
    ----------------------------------------  ------------
     LD:G->Q              17   0.588   1.045  CONTROL/FSM1/next_state_3 (CONTROL/FSM1/next_state_3)
     LUT4:I0->O            1   0.612   0.426  CONTROL/JmpOccur229 (CONTROL/JmpOccur229)
     LUT4:I1->O            1   0.612   0.426  CONTROL/JmpOccur247 (CONTROL/JmpOccur247)
     LUT4:I1->O            6   0.612   0.721  CONTROL/JmpOccur258 (CONTROL/JmpOccur)
     LUT3_L:I0->LO         1   0.612   0.103  CONTROL/flush_SW0 (N157)
     LUT4:I3->O            7   0.612   0.602  CONTROL/flush (flush_OBUF)
     OBUF:I->O                 3.169          flush_OBUF (flush)
    ----------------------------------------
    Total                     10.140ns (6.817ns logic, 3.323ns route)
                                       (67.2% logic, 32.8% route)

=========================================================================
Timing constraint: Default OFFSET OUT AFTER for Clock 'CONTROL/FSM2/next_state_not0001'
  Total number of paths / destination ports: 10 / 2
-------------------------------------------------------------------------
Offset:              10.074ns (Levels of Logic = 6)
  Source:            CONTROL/FSM2/next_state_3 (LATCH)
  Destination:       flush (PAD)
  Source Clock:      CONTROL/FSM2/next_state_not0001 falling

  Data Path: CONTROL/FSM2/next_state_3 to flush
                                Gate     Net
    Cell:in->out      fanout   Delay   Delay  Logical Name (Net Name)
    ----------------------------------------  ------------
     LD:G->Q              17   0.588   1.045  CONTROL/FSM2/next_state_3 (CONTROL/FSM2/next_state_3)
     LUT4:I0->O            1   0.612   0.360  CONTROL/JmpOccur186 (CONTROL/JmpOccur186)
     LUT4:I3->O            1   0.612   0.426  CONTROL/JmpOccur247 (CONTROL/JmpOccur247)
     LUT4:I1->O            6   0.612   0.721  CONTROL/JmpOccur258 (CONTROL/JmpOccur)
     LUT3_L:I0->LO         1   0.612   0.103  CONTROL/flush_SW0 (N157)
     LUT4:I3->O            7   0.612   0.602  CONTROL/flush (flush_OBUF)
     OBUF:I->O                 3.169          flush_OBUF (flush)
    ----------------------------------------
    Total                     10.074ns (6.817ns logic, 3.257ns route)
                                       (67.7% logic, 32.3% route)

=========================================================================
Timing constraint: Default OFFSET OUT AFTER for Clock 'CONTROL/FSM3/next_state_not0001'
  Total number of paths / destination ports: 10 / 2
-------------------------------------------------------------------------
Offset:              9.063ns (Levels of Logic = 5)
  Source:            CONTROL/FSM3/next_state_3 (LATCH)
  Destination:       flush (PAD)
  Source Clock:      CONTROL/FSM3/next_state_not0001 falling

  Data Path: CONTROL/FSM3/next_state_3 to flush
                                Gate     Net
    Cell:in->out      fanout   Delay   Delay  Logical Name (Net Name)
    ----------------------------------------  ------------
     LD:G->Q              17   0.588   1.045  CONTROL/FSM3/next_state_3 (CONTROL/FSM3/next_state_3)
     LUT4:I0->O            1   0.612   0.387  CONTROL/JmpOccur72 (CONTROL/JmpOccur72)
     LUT4:I2->O            6   0.612   0.721  CONTROL/JmpOccur258 (CONTROL/JmpOccur)
     LUT3_L:I0->LO         1   0.612   0.103  CONTROL/flush_SW0 (N157)
     LUT4:I3->O            7   0.612   0.602  CONTROL/flush (flush_OBUF)
     OBUF:I->O                 3.169          flush_OBUF (flush)
    ----------------------------------------
    Total                      9.063ns (6.205ns logic, 2.858ns route)
                                       (68.5% logic, 31.5% route)

=========================================================================
Timing constraint: Default path analysis
  Total number of paths / destination ports: 1 / 1
-------------------------------------------------------------------------
Delay:               5.125ns (Levels of Logic = 2)
  Source:            rst_n (PAD)
  Destination:       en0 (PAD)

  Data Path: rst_n to en0
                                Gate     Net
    Cell:in->out      fanout   Delay   Delay  Logical Name (Net Name)
    ----------------------------------------  ------------
     IBUF:I->O            14   1.106   0.850  rst_n_IBUF (rst_n_IBUF)
     OBUF:I->O                 3.169          en0_OBUF (en0)
    ----------------------------------------
    Total                      5.125ns (4.275ns logic, 0.850ns route)
                                       (83.4% logic, 16.6% route)

=========================================================================


Total REAL time to Xst completion: 26.00 secs
Total CPU time to Xst completion: 26.58 secs
 
--> 

Total memory usage is 366596 kilobytes

Number of errors   :    0 (   0 filtered)
Number of warnings :  109 (   0 filtered)
Number of infos    :    9 (   0 filtered)

