MO PC_ENABLE NULL pipe_FSM.v vlg15/_p_c___e_n_a_b_l_e.bin 1495610569
MO pipe_FSM NULL pipe_FSM.v vlg4B/pipe___f_s_m.bin 1495610569
MO REG_OUT NULL Reg_Out.v vlg19/_r_e_g___o_u_t.bin 1495610569
MO PC_Gen NULL PC_Gen.v vlg5C/_p_c___gen.bin 1495610569
MO State_Reg NULL State_Reg.v vlg1E/_state___reg.bin 1495610569
